------------------------------------------------------------
Timing Analyzer Summary
------------------------------------------------------------

Type  : Slow 1100mV 85C Model Setup 'divisorGenerico:divisor|tick'
Slack : -8.621
TNS   : -3628.602

Type  : Slow 1100mV 85C Model Setup 'CLOCK_50'
Slack : -4.566
TNS   : -65.282

Type  : Slow 1100mV 85C Model Hold 'divisorGenerico:divisor|tick'
Slack : 0.404
TNS   : 0.000

Type  : Slow 1100mV 85C Model Hold 'CLOCK_50'
Slack : 0.449
TNS   : 0.000

Type  : Slow 1100mV 85C Model Minimum Pulse Width 'divisorGenerico:divisor|tick'
Slack : -0.538
TNS   : -522.217

Type  : Slow 1100mV 85C Model Minimum Pulse Width 'CLOCK_50'
Slack : -0.538
TNS   : -20.859

Type  : Slow 1100mV 0C Model Setup 'divisorGenerico:divisor|tick'
Slack : -8.544
TNS   : -3500.336

Type  : Slow 1100mV 0C Model Setup 'CLOCK_50'
Slack : -4.657
TNS   : -64.845

Type  : Slow 1100mV 0C Model Hold 'divisorGenerico:divisor|tick'
Slack : 0.362
TNS   : 0.000

Type  : Slow 1100mV 0C Model Hold 'CLOCK_50'
Slack : 0.454
TNS   : 0.000

Type  : Slow 1100mV 0C Model Minimum Pulse Width 'divisorGenerico:divisor|tick'
Slack : -0.538
TNS   : -508.122

Type  : Slow 1100mV 0C Model Minimum Pulse Width 'CLOCK_50'
Slack : -0.538
TNS   : -21.278

Type  : Fast 1100mV 85C Model Setup 'divisorGenerico:divisor|tick'
Slack : -4.025
TNS   : -1740.271

Type  : Fast 1100mV 85C Model Setup 'CLOCK_50'
Slack : -2.670
TNS   : -18.951

Type  : Fast 1100mV 85C Model Hold 'divisorGenerico:divisor|tick'
Slack : 0.160
TNS   : 0.000

Type  : Fast 1100mV 85C Model Hold 'CLOCK_50'
Slack : 0.205
TNS   : 0.000

Type  : Fast 1100mV 85C Model Minimum Pulse Width 'CLOCK_50'
Slack : -0.335
TNS   : -2.815

Type  : Fast 1100mV 85C Model Minimum Pulse Width 'divisorGenerico:divisor|tick'
Slack : -0.141
TNS   : -19.643

Type  : Fast 1100mV 0C Model Setup 'divisorGenerico:divisor|tick'
Slack : -3.609
TNS   : -1527.224

Type  : Fast 1100mV 0C Model Setup 'CLOCK_50'
Slack : -2.262
TNS   : -16.012

Type  : Fast 1100mV 0C Model Hold 'divisorGenerico:divisor|tick'
Slack : 0.130
TNS   : 0.000

Type  : Fast 1100mV 0C Model Hold 'CLOCK_50'
Slack : 0.193
TNS   : 0.000

Type  : Fast 1100mV 0C Model Minimum Pulse Width 'CLOCK_50'
Slack : -0.344
TNS   : -2.815

Type  : Fast 1100mV 0C Model Minimum Pulse Width 'divisorGenerico:divisor|tick'
Slack : -0.070
TNS   : -4.569

------------------------------------------------------------
