------------------------------------------------------------
Timing Analyzer Summary
------------------------------------------------------------

Type  : Slow 1100mV 85C Model Setup 'KEY[0]'
Slack : -4.030
TNS   : -194.248

Type  : Slow 1100mV 85C Model Setup 'CLOCK_50'
Slack : -2.514
TNS   : -2.514

Type  : Slow 1100mV 85C Model Hold 'CLOCK_50'
Slack : 0.706
TNS   : 0.000

Type  : Slow 1100mV 85C Model Hold 'KEY[0]'
Slack : 0.720
TNS   : 0.000

Type  : Slow 1100mV 85C Model Minimum Pulse Width 'KEY[0]'
Slack : -0.538
TNS   : -46.080

Type  : Slow 1100mV 85C Model Minimum Pulse Width 'CLOCK_50'
Slack : -0.538
TNS   : -0.857

Type  : Slow 1100mV 0C Model Setup 'KEY[0]'
Slack : -4.115
TNS   : -194.930

Type  : Slow 1100mV 0C Model Setup 'CLOCK_50'
Slack : -2.513
TNS   : -2.513

Type  : Slow 1100mV 0C Model Hold 'CLOCK_50'
Slack : 0.670
TNS   : 0.000

Type  : Slow 1100mV 0C Model Hold 'KEY[0]'
Slack : 0.716
TNS   : 0.000

Type  : Slow 1100mV 0C Model Minimum Pulse Width 'KEY[0]'
Slack : -0.538
TNS   : -46.822

Type  : Slow 1100mV 0C Model Minimum Pulse Width 'CLOCK_50'
Slack : -0.538
TNS   : -0.858

Type  : Fast 1100mV 85C Model Setup 'CLOCK_50'
Slack : -1.926
TNS   : -1.926

Type  : Fast 1100mV 85C Model Setup 'KEY[0]'
Slack : -1.541
TNS   : -68.230

Type  : Fast 1100mV 85C Model Hold 'KEY[0]'
Slack : 0.315
TNS   : 0.000

Type  : Fast 1100mV 85C Model Hold 'CLOCK_50'
Slack : 0.407
TNS   : 0.000

Type  : Fast 1100mV 85C Model Minimum Pulse Width 'KEY[0]'
Slack : -0.319
TNS   : -15.856

Type  : Fast 1100mV 85C Model Minimum Pulse Width 'CLOCK_50'
Slack : -0.302
TNS   : -0.302

Type  : Fast 1100mV 0C Model Setup 'CLOCK_50'
Slack : -1.745
TNS   : -1.745

Type  : Fast 1100mV 0C Model Setup 'KEY[0]'
Slack : -1.372
TNS   : -59.546

Type  : Fast 1100mV 0C Model Hold 'CLOCK_50'
Slack : 0.284
TNS   : 0.000

Type  : Fast 1100mV 0C Model Hold 'KEY[0]'
Slack : 0.288
TNS   : 0.000

Type  : Fast 1100mV 0C Model Minimum Pulse Width 'KEY[0]'
Slack : -0.316
TNS   : -16.133

Type  : Fast 1100mV 0C Model Minimum Pulse Width 'CLOCK_50'
Slack : -0.298
TNS   : -0.298

------------------------------------------------------------
